---
source: crates/compiler/tests/scanner_test/mod.rs
assertion_line: 60
expression: "<style></styl"
---
- StartTag:
    name: style
    attributes: []
    self_closing: false
- Text: "</styl"

