---
source: crates/compiler/tests/scanner_test/mod.rs
assertion_line: 81
expression: "<textarea>{{test}}</textarea>"
---
- StartTag:
    name: textarea
    attributes: []
    self_closing: false
- Interpolation: test
- EndTag: textarea

