---
source: crates/compiler/tests/parser_test/dir.rs
assertion_line: 67
expression: "<p @.stop=\"tt\"/>"
---
Dir:
  name: "on"
  argument: ~
  modifiers:
    - stop
  expression:
    content: tt
    location:
      start: "Pos: 10, Ln: 1, Col: 11"
      end: "Pos: 14, Ln: 1, Col: 15"
  head_loc:
    start: "Pos: 3, Ln: 1, Col: 4"
    end: "Pos: 9, Ln: 1, Col: 10"
  location:
    start: "Pos: 3, Ln: 1, Col: 4"
    end: "Pos: 14, Ln: 1, Col: 15"

