---
source: crates/compiler/tests/parser_test/dir.rs
assertion_line: 81
expression: "<p #=\"tt\"/>"
---
Dir:
  name: slot
  argument: ~
  modifiers: []
  expression:
    content: tt
    location:
      start: "Pos: 5, Ln: 1, Col: 6"
      end: "Pos: 9, Ln: 1, Col: 10"
  head_loc:
    start: "Pos: 3, Ln: 1, Col: 4"
    end: "Pos: 4, Ln: 1, Col: 5"
  location:
    start: "Pos: 3, Ln: 1, Col: 4"
    end: "Pos: 9, Ln: 1, Col: 10"

