---
source: crates/compiler/tests/parser_test/dir.rs
assertion_line: 41
expression: "<p v-ðŸ––:ðŸ¤˜.ðŸ¤™/>"
---
Dir:
  name: ðŸ––
  argument:
    Static: ðŸ¤˜
  modifiers:
    - ðŸ¤™
  expression: ~
  head_loc:
    start: "Pos: 3, Ln: 1, Col: 4"
    end: "Pos: 10, Ln: 1, Col: 11"
  location:
    start: "Pos: 3, Ln: 1, Col: 4"
    end: "Pos: 10, Ln: 1, Col: 11"

