---
source: crates/compiler/tests/error_test/mod.rs
assertion_line: 51
expression: "<template><!----></template>"
---
[]

